--- SYSTEM ---
{
  clobFactory: '0x1a478019Ae4d24249a962934af0f129CE98B5e6f',
  binaryMarketImpl: '0x6b2FeE58F90AeE79BE03E417213c547526791102',
  factoryMismatch: true,
  settlement: '0xbF4a49e0Dfd092e5FBE8E5761064C49533e6Ed23',
  settlementMismatch: false,
  marketCreator: {
    marketCount: 6080n,
    owner: '0xf685C1245b59800a9940131DC1952F39736DdC2a',
    reactivityGasLimit: 200000000n,
    reactivityMaxFeePerGas: 10000000000n,
    reactivityPriorityFeePerGas: 1000000000n,
    operatorId: 2,
    venueId: '0x679795a0195a1b76cdebb7c51d74e058aee92919b8c3389af86ef24535e8a28c'
  },
  oracle: null,
  usdc: { symbol: 'tUSDC', decimals: 6 }
}
getSyncStatus failed: InvalidInputError: @somnia-chain/markets-sdk: gqlRequest(SyncStatus): unusable variable(s): chainId=undefined

--- BINARY MARKETS (raw first row) ---
count: 60
{
  "id": "0x0000000000000000000000000000000000000000000000000000000000009282",
  "poolAddress": "0x7b936ec17f3e86fa3729db5d615338e035ce89a3",
  "lastPrice": null,
  "lastTradeAt": null,
  "cumulativeBaseVolume": "0",
  "cumulativeQuoteVolume": "0",
  "tradeCount": "0",
  "baseDecimals": 6,
  "quoteDecimals": 6,
  "createdAtTimestamp": "1787655840",
  "marketType": "BINARY",
  "marketId": "0x0000000000000000000000000000000000000000000000000000000000009282",
  "marketAddress": "0x64156c8988e1adbddcbf3c74ab393e14bd58f51b",
  "yesTokenId": "3331599909247900560577447757448293047194999254470820457108934825634048",
  "noTokenId": "3331599909247900560577447757448293047194999254470820457108934825634049",
  "collateral": "0x70a86d8842fb63c4ad2b7cdddf530ebf1bb25d8e",
  "asset": "ETH",
  "question": "Pricefeed test: will ETH/USDC's price be at or above 2479.50 at unix time 1787655900?",
  "status": "Trading",
  "oracleQuestion": null,
  "oracleQuestionId": "55344475078979127259360117119522735572423013288420940631100238504481028511711",
  "strike": "247950",
  "tradingStart": "1787655840",
  "expiry": "1787655900",
  "winningOutcome": null,
  "payoutNumerators": null,
  "payoutDenominator": null,
  "resolvedAtBlock": null,
  "resolvedAtTimestamp": null,
  "createdByTx": "0xf48ab5f881401b6d772e60f61d54c25982974c0b18f15e71fe85e3af272b8779",
  "creator": "0xee3aff92812a2cb7bf801b500687bc97b55cab34",
  "voided": false,
  "backing": "1500000000",
  "nonce": "105",
  "finalized": false,
  "netBacking": null,
  "context": "0x",
  "intervalSec": "60",
  "interval": "1m",
  "operatorId": 4,
  "venueId": "0x1a1e6821cde7d0159c0d293177871e09677b4e42307c7db3ba94f8648a5a050f"
}

--- SUMMARY ---
0x0000000000000000000000000000000000000000000000000000000000009282 | 0x1a1e6821cde7d0159c0d293177871e09677b4e42307c7db3ba94f8648a5a050f | ETH | 60 | Trading | 1787655900 | 
0x0000000000000000000000000000000000000000000000000000000000009281 | 0x1a1e6821cde7d0159c0d293177871e09677b4e42307c7db3ba94f8648a5a050f | BTC | 60 | Trading | 1787655900 | 
0x000000000000000000000000000000000000000000000000000000000000927f | 0x1a1e6821cde7d0159c0d293177871e09677b4e42307c7db3ba94f8648a5a050f | BTC | 60 | Finalized | 1787655840 | 
0x0000000000000000000000000000000000000000000000000000000000009280 | 0x1a1e6821cde7d0159c0d293177871e09677b4e42307c7db3ba94f8648a5a050f | ETH | 60 | Finalized | 1787655840 | 
0x000000000000000000000000000000000000000000000000000000000000927e | 0x1a1e6821cde7d0159c0d293177871e09677b4e42307c7db3ba94f8648a5a050f | ETH | 60 | Finalized | 1787655780 | 
0x000000000000000000000000000000000000000000000000000000000000927d | 0x1a1e6821cde7d0159c0d293177871e09677b4e42307c7db3ba94f8648a5a050f | BTC | 60 | Finalized | 1787655780 | 
0x000000000000000000000000000000000000000000000000000000000000927c | 0x1a1e6821cde7d0159c0d293177871e09677b4e42307c7db3ba94f8648a5a050f | ETH | 60 | Finalized | 1787655720 | 
0x000000000000000000000000000000000000000000000000000000000000927b | 0x1a1e6821cde7d0159c0d293177871e09677b4e42307c7db3ba94f8648a5a050f | BTC | 60 | Finalized | 1787655720 | 
0x0000000000000000000000000000000000000000000000000000000000009276 | 0x1a1e6821cde7d0159c0d293177871e09677b4e42307c7db3ba94f8648a5a050f | ETH | 60 | Finalized | 1787655660 | 
0x0000000000000000000000000000000000000000000000000000000000009275 | 0x1a1e6821cde7d0159c0d293177871e09677b4e42307c7db3ba94f8648a5a050f | BTC | 60 | Finalized | 1787655660 | 
0x0000000000000000000000000000000000000000000000000000000000009274 | 0x1a1e6821cde7d0159c0d293177871e09677b4e42307c7db3ba94f8648a5a050f | ETH | 300 | Trading | 1787655900 | 
0x000000000000000000000000000000000000000000000000000000000000927a | 0x679795a0195a1b76cdebb7c51d74e058aee92919b8c3389af86ef24535e8a28c | ETH | 900 | Trading | 1787656500 | 
0x0000000000000000000000000000000000000000000000000000000000009279 | 0x679795a0195a1b76cdebb7c51d74e058aee92919b8c3389af86ef24535e8a28c | BTC | 900 | Trading | 1787656500 | 
0x0000000000000000000000000000000000000000000000000000000000009278 | 0x679795a0195a1b76cdebb7c51d74e058aee92919b8c3389af86ef24535e8a28c | ETH | 3600 | Trading | 1787659200 | 
0x0000000000000000000000000000000000000000000000000000000000009277 | 0x679795a0195a1b76cdebb7c51d74e058aee92919b8c3389af86ef24535e8a28c | BTC | 3600 | Trading | 1787659200 | 
0x0000000000000000000000000000000000000000000000000000000000009273 | 0x1a1e6821cde7d0159c0d293177871e09677b4e42307c7db3ba94f8648a5a050f | BTC | 300 | Trading | 1787655900 | 
0x0000000000000000000000000000000000000000000000000000000000009272 | 0x1a1e6821cde7d0159c0d293177871e09677b4e42307c7db3ba94f8648a5a050f | ETH | 60 | Finalized | 1787655600 | 
0x0000000000000000000000000000000000000000000000000000000000009271 | 0x1a1e6821cde7d0159c0d293177871e09677b4e42307c7db3ba94f8648a5a050f | BTC | 60 | Finalized | 1787655600 | 
0x0000000000000000000000000000000000000000000000000000000000009270 | 0x1a1e6821cde7d0159c0d293177871e09677b4e42307c7db3ba94f8648a5a050f | ETH | 60 | Finalized | 1787655540 | 
0x000000000000000000000000000000000000000000000000000000000000926f | 0x1a1e6821cde7d0159c0d293177871e09677b4e42307c7db3ba94f8648a5a050f | BTC | 60 | Finalized | 1787655540 | 
0x000000000000000000000000000000000000000000000000000000000000926e | 0x1a1e6821cde7d0159c0d293177871e09677b4e42307c7db3ba94f8648a5a050f | ETH | 60 | Finalized | 1787655480 | 
0x000000000000000000000000000000000000000000000000000000000000926d | 0x1a1e6821cde7d0159c0d293177871e09677b4e42307c7db3ba94f8648a5a050f | BTC | 60 | Finalized | 1787655480 | 
0x000000000000000000000000000000000000000000000000000000000000926b | 0x1a1e6821cde7d0159c0d293177871e09677b4e42307c7db3ba94f8648a5a050f | BTC | 60 | Finalized | 1787655420 | 
0x000000000000000000000000000000000000000000000000000000000000926c | 0x1a1e6821cde7d0159c0d293177871e09677b4e42307c7db3ba94f8648a5a050f | ETH | 60 | Finalized | 1787655420 | 
0x0000000000000000000000000000000000000000000000000000000000009268 | 0x1a1e6821cde7d0159c0d293177871e09677b4e42307c7db3ba94f8648a5a050f | ETH | 300 | Finalized | 1787655600 | 
0x000000000000000000000000000000000000000000000000000000000000926a | 0x1a1e6821cde7d0159c0d293177871e09677b4e42307c7db3ba94f8648a5a050f | ETH | 60 | Finalized | 1787655360 | 
0x0000000000000000000000000000000000000000000000000000000000009269 | 0x1a1e6821cde7d0159c0d293177871e09677b4e42307c7db3ba94f8648a5a050f | BTC | 60 | Finalized | 1787655360 | 
0x0000000000000000000000000000000000000000000000000000000000009267 | 0x1a1e6821cde7d0159c0d293177871e09677b4e42307c7db3ba94f8648a5a050f | BTC | 300 | Finalized | 1787655600 | 
0x0000000000000000000000000000000000000000000000000000000000009266 | 0x1a1e6821cde7d0159c0d293177871e09677b4e42307c7db3ba94f8648a5a050f | ETH | 60 | Finalized | 1787655300 | 
0x0000000000000000000000000000000000000000000000000000000000009265 | 0x1a1e6821cde7d0159c0d293177871e09677b4e42307c7db3ba94f8648a5a050f | BTC | 60 | Finalized | 1787655300 | 
0x0000000000000000000000000000000000000000000000000000000000009264 | 0x1a1e6821cde7d0159c0d293177871e09677b4e42307c7db3ba94f8648a5a050f | ETH | 60 | Finalized | 1787655240 | 
0x0000000000000000000000000000000000000000000000000000000000009263 | 0x1a1e6821cde7d0159c0d293177871e09677b4e42307c7db3ba94f8648a5a050f | BTC | 60 | Finalized | 1787655240 | 
0x0000000000000000000000000000000000000000000000000000000000009261 | 0x1a1e6821cde7d0159c0d293177871e09677b4e42307c7db3ba94f8648a5a050f | BTC | 60 | Finalized | 1787655180 | 
0x0000000000000000000000000000000000000000000000000000000000009262 | 0x1a1e6821cde7d0159c0d293177871e09677b4e42307c7db3ba94f8648a5a050f | ETH | 60 | Finalized | 1787655180 | 
0x0000000000000000000000000000000000000000000000000000000000009260 | 0x1a1e6821cde7d0159c0d293177871e09677b4e42307c7db3ba94f8648a5a050f | ETH | 60 | Finalized | 1787655120 | 
0x000000000000000000000000000000000000000000000000000000000000925f | 0x1a1e6821cde7d0159c0d293177871e09677b4e42307c7db3ba94f8648a5a050f | BTC | 60 | Finalized | 1787655120 | 
0x000000000000000000000000000000000000000000000000000000000000925b | 0x1a1e6821cde7d0159c0d293177871e09677b4e42307c7db3ba94f8648a5a050f | BTC | 300 | Finalized | 1787655300 | 
0x000000000000000000000000000000000000000000000000000000000000925e | 0x1a1e6821cde7d0159c0d293177871e09677b4e42307c7db3ba94f8648a5a050f | ETH | 60 | Finalized | 1787655060 | 
0x000000000000000000000000000000000000000000000000000000000000925c | 0x1a1e6821cde7d0159c0d293177871e09677b4e42307c7db3ba94f8648a5a050f | ETH | 300 | Finalized | 1787655300 | 
0x000000000000000000000000000000000000000000000000000000000000925d | 0x1a1e6821cde7d0159c0d293177871e09677b4e42307c7db3ba94f8648a5a050f | BTC | 60 | Finalized | 1787655060 | 
0x000000000000000000000000000000000000000000000000000000000000925a | 0x1a1e6821cde7d0159c0d293177871e09677b4e42307c7db3ba94f8648a5a050f | ETH | 60 | Finalized | 1787655000 | 
0x0000000000000000000000000000000000000000000000000000000000009259 | 0x1a1e6821cde7d0159c0d293177871e09677b4e42307c7db3ba94f8648a5a050f | BTC | 60 | Finalized | 1787655000 | 
0x0000000000000000000000000000000000000000000000000000000000009257 | 0x1a1e6821cde7d0159c0d293177871e09677b4e42307c7db3ba94f8648a5a050f | BTC | 60 | Finalized | 1787654940 | 
0x0000000000000000000000000000000000000000000000000000000000009258 | 0x1a1e6821cde7d0159c0d293177871e09677b4e42307c7db3ba94f8648a5a050f | ETH | 60 | Finalized | 1787654940 | 
0x0000000000000000000000000000000000000000000000000000000000009256 | 0x1a1e6821cde7d0159c0d293177871e09677b4e42307c7db3ba94f8648a5a050f | ETH | 60 | Finalized | 1787654880 | 
0x0000000000000000000000000000000000000000000000000000000000009255 | 0x1a1e6821cde7d0159c0d293177871e09677b4e42307c7db3ba94f8648a5a050f | BTC | 60 | Finalized | 1787654880 | 
0x0000000000000000000000000000000000000000000000000000000000009254 | 0x1a1e6821cde7d0159c0d293177871e09677b4e42307c7db3ba94f8648a5a050f | ETH | 60 | Finalized | 1787654820 | 
0x0000000000000000000000000000000000000000000000000000000000009253 | 0x1a1e6821cde7d0159c0d293177871e09677b4e42307c7db3ba94f8648a5a050f | BTC | 60 | Finalized | 1787654820 | 
0x0000000000000000000000000000000000000000000000000000000000009251 | 0x679795a0195a1b76cdebb7c51d74e058aee92919b8c3389af86ef24535e8a28c | BTC | 900 | Finalized | 1787655600 | 
0x000000000000000000000000000000000000000000000000000000000000924d | 0x1a1e6821cde7d0159c0d293177871e09677b4e42307c7db3ba94f8648a5a050f | BTC | 300 | Finalized | 1787655000 | 
0x0000000000000000000000000000000000000000000000000000000000009250 | 0x1a1e6821cde7d0159c0d293177871e09677b4e42307c7db3ba94f8648a5a050f | ETH | 60 | Finalized | 1787654760 | 
0x000000000000000000000000000000000000000000000000000000000000924f | 0x1a1e6821cde7d0159c0d293177871e09677b4e42307c7db3ba94f8648a5a050f | BTC | 60 | Finalized | 1787654760 | 
0x000000000000000000000000000000000000000000000000000000000000924e | 0x1a1e6821cde7d0159c0d293177871e09677b4e42307c7db3ba94f8648a5a050f | ETH | 300 | Finalized | 1787655000 | 
0x0000000000000000000000000000000000000000000000000000000000009252 | 0x679795a0195a1b76cdebb7c51d74e058aee92919b8c3389af86ef24535e8a28c | ETH | 900 | Finalized | 1787655600 | 
0x000000000000000000000000000000000000000000000000000000000000924c | 0x1a1e6821cde7d0159c0d293177871e09677b4e42307c7db3ba94f8648a5a050f | ETH | 60 | Finalized | 1787654700 | 
0x000000000000000000000000000000000000000000000000000000000000924b | 0x1a1e6821cde7d0159c0d293177871e09677b4e42307c7db3ba94f8648a5a050f | BTC | 60 | Finalized | 1787654700 | 
0x0000000000000000000000000000000000000000000000000000000000009249 | 0x1a1e6821cde7d0159c0d293177871e09677b4e42307c7db3ba94f8648a5a050f | BTC | 60 | Finalized | 1787654640 | 
0x000000000000000000000000000000000000000000000000000000000000924a | 0x1a1e6821cde7d0159c0d293177871e09677b4e42307c7db3ba94f8648a5a050f | ETH | 60 | Finalized | 1787654640 | 
0x0000000000000000000000000000000000000000000000000000000000009248 | 0x1a1e6821cde7d0159c0d293177871e09677b4e42307c7db3ba94f8648a5a050f | ETH | 60 | Finalized | 1787654580 | 
0x0000000000000000000000000000000000000000000000000000000000009247 | 0x1a1e6821cde7d0159c0d293177871e09677b4e42307c7db3ba94f8648a5a050f | BTC | 60 | Finalized | 1787654580 | 

--- DISTINCT ---
venueId: [
  '0x1a1e6821cde7d0159c0d293177871e09677b4e42307c7db3ba94f8648a5a050f',
  '0x679795a0195a1b76cdebb7c51d74e058aee92919b8c3389af86ef24535e8a28c'
]
asset: [ 'ETH', 'BTC' ]
intervalSec: [ '60', '300', '900', '3600' ]
status: [ 'Trading', 'Finalized' ]

--- LOADMARKETS SYMBOLS ---
active binary: 12
ETH-247950-25AUG26-1105/tUSDC | ETH-247950-25AUG26-1105/tUSDC#YES, ETH-247950-25AUG26-1105/tUSDC#NO
BTC-7925395-25AUG26-1105/tUSDC | BTC-7925395-25AUG26-1105/tUSDC#YES, BTC-7925395-25AUG26-1105/tUSDC#NO
ETH-248133-25AUG26-1105/tUSDC | ETH-248133-25AUG26-1105/tUSDC#YES, ETH-248133-25AUG26-1105/tUSDC#NO
ETH-0-25AUG26-1115/tUSDC | ETH-0-25AUG26-1115/tUSDC#YES, ETH-0-25AUG26-1115/tUSDC#NO
BTC-0-25AUG26-1115/tUSDC | BTC-0-25AUG26-1115/tUSDC#YES, BTC-0-25AUG26-1115/tUSDC#NO
ETH-0-25AUG26-1200-9278/tUSDC | ETH-0-25AUG26-1200-9278/tUSDC#YES, ETH-0-25AUG26-1200-9278/tUSDC#NO
BTC-0-25AUG26-1200-9277/tUSDC | BTC-0-25AUG26-1200-9277/tUSDC#YES, BTC-0-25AUG26-1200-9277/tUSDC#NO
BTC-7929650-25AUG26-1105/tUSDC | BTC-7929650-25AUG26-1105/tUSDC#YES, BTC-7929650-25AUG26-1105/tUSDC#NO

--- ONCHAIN + BOOK (first active) ---
{
  "marketAddress": "0x64156C8988e1AdbDDCbf3c74Ab393e14bD58f51b",
  "outcomeToken": "0xB52c5934113Af5c0Bb20eb3C72290C8215f755b9",
  "yesId": "3331599909247900560577447757448293047194999254470820457108934825634048",
  "noId": "3331599909247900560577447757448293047194999254470820457108934825634049",
  "pool": "0x7B936Ec17f3E86Fa3729db5D615338E035Ce89A3",
  "nonce": "105",
  "collateral": "0x70a86D8842FB63C4Ad2b7cdddF530eBf1BB25d8E",
  "status": 1,
  "backing": "1500000000",
  "finalized": false,
  "expiry": "1787655900",
  "decimals": 6,
  "winningOutcome": 0,
  "isResolved": false,
  "isVoided": false
}
bookParams: {
  "tickSize": "1000",
  "minQuantity": "1000",
  "lotSize": "1000"
}
FATAL: TypeError: Do not know how to serialize a BigInt
    at JSON.stringify (<anonymous>)
    at main (/Users/ez/floor/scripts/discover.ts:59:39)
    at process.processTicksAndRejections (node:internal/process/task_queues:104:5)
